.gitattributes: 成功
.gitignore: 成功
configs/applicability_intervention_gate.environment.json: 成功
configs/applicability_intervention_gate.lock.json: 成功
configs/applicability_intervention_gate.runtime.lock.json: 成功
configs/applicability_intervention_gate.runtime.yaml: 成功
configs/applicability_intervention_gate.yaml: 成功
configs/candidate_development.yaml: 成功
configs/candidate_rules.lock.json: 成功
configs/candidate_rules.yaml: 成功
configs/confirmatory_gate_v1.acquisition.json: 成功
configs/confirmatory_gate_v1.lock.json: 成功
configs/confirmatory_gate_v1.result.lock.json: 成功
configs/confirmatory_gate_v1.runtime.lock.json: 成功
configs/confirmatory_gate_v1.runtime.yaml: 成功
configs/confirmatory_gate_v1.yaml: 成功
configs/confirmatory_transient_authz_v1.lock.json: 成功
configs/confirmatory_transient_authz_v1.yaml: 成功
configs/extension_capacity_audit.yaml: 成功
configs/lab_environment.lock.json: 成功
configs/memory_bank.yaml: 成功
configs/observable_identifiability_audit.yaml: 成功
configs/pilot_exclusions.json: 成功
configs/qwen3_8b_model.sha256: 成功
configs/transient_authz_capacity_v1.lock.json: 成功
configs/transient_authz_capacity_v1.result.lock.json: 成功
configs/transient_authz_capacity_v1.yaml: 成功
configs/toolmisusebench.lock.json: 成功
configs/toolmisusebench_source.runtime.sha256: 成功
configs/toolmisusebench_source.sha256: 成功
docs/applicability_intervention_gate_result.md: 成功
docs/artifact_layout.md: 成功
docs/confirmatory_gate_v1_result.md: 成功
docs/extension_capacity_audit_result.md: 成功
docs/observable_identifiability_result.md: 成功
docs/preregistration_applicability_intervention_gate.md: 成功
docs/preregistration_confirmatory_gate_v1.md: 成功
docs/preregistration_confirmatory_transient_authz_v1.md: 成功
docs/transient_authz_capacity_v1_protocol.md: 成功
experiments/agent_runtime.py: 成功
experiments/analyze_confirmatory_gate_v1.py: 成功
experiments/applicability_intervention_gate.py: 成功
experiments/benchmark_instances.py: 成功
experiments/candidate_audit.py: 成功
experiments/candidate_manifest.py: 成功
experiments/confirmatory_gate_v1.py: 成功
experiments/confirmatory_transient_authz_v1.py: 成功
experiments/extension_capacity_audit.py: 成功
experiments/gate_dataset.py: 成功
experiments/observable_identifiability_audit.py: 成功
experiments/transient_authz_capacity_v1.py: 成功
external/toolmisusebench/LICENSE: 成功
external/toolmisusebench/README.md: 成功
external/toolmisusebench/toolmisusebench/__init__.py: 成功
external/toolmisusebench/toolmisusebench/baselines/__init__.py: 成功
external/toolmisusebench/toolmisusebench/baselines/common.py: 成功
external/toolmisusebench/toolmisusebench/baselines/schema_repair_agent.py: 成功
external/toolmisusebench/toolmisusebench/dataset.py: 成功
external/toolmisusebench/toolmisusebench/envs/__init__.py: 成功
external/toolmisusebench/toolmisusebench/envs/base.py: 成功
external/toolmisusebench/toolmisusebench/envs/crud_env.py: 成功
external/toolmisusebench/toolmisusebench/envs/files_env.py: 成功
external/toolmisusebench/toolmisusebench/envs/retrieval_env.py: 成功
external/toolmisusebench/toolmisusebench/envs/scheduler_env.py: 成功
external/toolmisusebench/toolmisusebench/faults/__init__.py: 成功
external/toolmisusebench/toolmisusebench/faults/adversarial_errors.py: 成功
external/toolmisusebench/toolmisusebench/faults/authz.py: 成功
external/toolmisusebench/toolmisusebench/faults/base.py: 成功
external/toolmisusebench/toolmisusebench/faults/rate_limit.py: 成功
external/toolmisusebench/toolmisusebench/faults/schema_drift.py: 成功
external/toolmisusebench/toolmisusebench/faults/timeout.py: 成功
external/toolmisusebench/toolmisusebench/harness/__init__.py: 成功
external/toolmisusebench/toolmisusebench/harness/runner.py: 成功
external/toolmisusebench/toolmisusebench/registry.py: 成功
external/toolmisusebench/toolmisusebench/types.py: 成功
external/toolmisusebench/toolmisusebench/utils/__init__.py: 成功
external/toolmisusebench/toolmisusebench/utils/seed.py: 成功
external/toolmisusebench/toolmisusebench/version2/__init__.py: 成功
external/toolmisusebench/toolmisusebench/version2/baselines.py: 成功
outputs/candidate_selection/selection_manifest.json: 成功
outputs/confirmatory_gate_v1/analysis.json: 成功
outputs/confirmatory_gate_v1/results.json: 成功
outputs/confirmatory_gate_v1/screening.json: 成功
outputs/confirmatory_gate_v1/tool_results.csv: 成功
outputs/development_four_condition/results.json: 成功
outputs/development_four_condition/screening.json: 成功
outputs/extension_capacity/audit.json: 成功
outputs/observable_identifiability/audit.json: 成功
outputs/proper_gate/cross_validation.json: 成功
outputs/transient_authz_capacity_v1/screening.json: 成功
pyproject.toml: 成功
README.md: 成功
requirements.txt: 成功
requirements-gate.txt: 成功
schemas/applicability_intervention_gate.schema.json: 成功
schemas/candidate_selection.schema.json: 成功
schemas/confirmatory_gate_v1.schema.json: 成功
schemas/confirmatory_gate_v1_analysis.schema.json: 成功
schemas/confirmatory_transient_authz_v1.schema.json: 成功
schemas/development_four_condition.schema.json: 成功
schemas/extension_capacity_audit.schema.json: 成功
schemas/observable_identifiability_audit.schema.json: 成功
schemas/transient_authz_capacity_v1.schema.json: 成功
scripts/prepare_confirmatory_gate_v1_windows.ps1: 成功
scripts/prepare_confirmatory_transient_authz_v1_lab.sh: 成功
scripts/prepare_transient_authz_capacity_v1_lab.sh: 成功
scripts/run_confirmatory_gate_v1_lab.sh: 成功
src/failure_memory/__init__.py: 成功
src/failure_memory/boundary.py: 成功
src/failure_memory/candidate_selector.py: 成功
src/failure_memory/confirmatory.py: 成功
src/failure_memory/contracts.py: 成功
src/failure_memory/frozen_gate.py: 成功
src/failure_memory/intervention_gate.py: 成功
src/failure_memory/retrieval.py: 成功
src/failure_memory/transient_authz_gate.py: 成功
src/failure_memory/utilization.py: 成功
tests/test_boundary.py: 成功
tests/test_candidate_audit.py: 成功
tests/test_candidate_manifest.py: 成功
tests/test_candidate_selector.py: 成功
tests/test_confirmatory.py: 成功
tests/test_confirmatory_gate_v1.py: 成功
tests/test_confirmatory_gate_v1_analysis.py: 成功
tests/test_confirmatory_preparation.py: 成功
tests/test_confirmatory_transient_authz_v1.py: 成功
tests/test_contracts.py: 成功
tests/test_extension_capacity_audit.py: 成功
tests/test_frozen_gate.py: 成功
tests/test_intervention_gate.py: 成功
tests/test_manifest_portability.py: 成功
tests/test_observable_identifiability_audit.py: 成功
tests/test_retrieval.py: 成功
tests/test_transient_authz_capacity_v1.py: 成功
tests/test_transient_authz_gate.py: 成功
tests/test_utilization.py: 成功
{
  "capacity_target_count": 175,
  "condition_count": 2,
  "distinct_prompt_count": 2,
  "example_instance_id_sha256": "99364ce9be2cfc0ba99442d53722bd95377e88258ffd97827a6adae2aaf1f44a",
  "model_loaded": false,
  "primary_pair_count": 53,
  "public_test_read": false,
  "synthetic_non_model_output": true
}
RESULT=PASS_CONFIRMATORY_TRANSIENT_AUTHZ_V1_CPU_DRY_RUN
{
  "all_target_count": 175,
  "distinct_primary_selected_memory_count": 12,
  "distinct_primary_target_tool_count": 7,
  "global_distinct_prompt_count": 213,
  "gpu_run_authorized_by_capacity": true,
  "planned_model_call_count": 228,
  "primary_selection_changed_pair_count": 53,
  "unchanged_target_count": 122
}
RESULT=PASS_CONFIRMATORY_TRANSIENT_AUTHZ_V1_PREPARATION
NOTE=No model was loaded and no model output was generated.
